../Core/Src/main.c:107:6:HAL_TIM_PeriodElapsedCallback	16	static
../Core/Src/main.c:150:6:HAL_GPIO_EXTI_Callback	24	static
../Core/Src/main.c:162:6:HAL_UART_RxCpltCallback	88	static
../Core/Src/main.c:212:6:process_cmd	152	static
../Core/Src/main.c:292:6:toggle_mode	32	static
../Core/Src/main.c:301:6:apply_mode	16	static
../Core/Src/main.c:322:6:set_leds	16	static
../Core/Src/main.c:328:6:send_uart	16	static
../Core/Src/main.c:337:5:main	8	static
../Core/Src/main.c:393:6:SystemClock_Config	88	static
../Core/Src/main.c:440:13:MX_TIM2_Init	32	static
../Core/Src/main.c:485:13:MX_USART1_UART_Init	8	static
../Core/Src/main.c:518:13:MX_USART2_UART_Init	8	static
../Core/Src/main.c:551:13:MX_GPIO_Init	48	static
../Core/Src/main.c:607:6:Error_Handler	4	static,ignoring_inline_asm
